
> detonaconcurseiro@0.1.0 build
> next build

Ôû▓ Next.js 16.1.6 (Turbopack)
- Environments: .env.production.local, .env.local, .env.production

  Creating an optimized production build ...
Ô£ô Compiled successfully in 6.9s
  Running TypeScript ...
  Collecting page data using 23 workers ...
  Generating static pages using 23 workers (0/16) ...
  Generating static pages using 23 workers (4/16) 
  Generating static pages using 23 workers (8/16) 
  Generating static pages using 23 workers (12/16) 
Ô£ô Generating static pages using 23 workers (16/16) in 1941.2ms
  Finalizing page optimization ...

Route (app)
Ôöî Ôùï /
Ôö£ Ôùï /_not-found
Ôö£ Ôùï /admin
Ôö£ Ôùï /admin/aprovar-concursos
Ôö£ ãÆ /api/aprovar-concurso-externo
Ôö£ ãÆ /api/concursos-externos
Ôö£ Ôùï /chat
Ôö£ Ôùï /concursos
Ôö£ Ôùï /concursos-disponiveis
Ôö£ Ôùï /dashboard
Ôö£ Ôùï /login
Ôö£ Ôùï /meus-concursos
Ôö£ ãÆ /meus-concursos/[concursoId]
Ôö£ Ôùï /perfil
Ôöö Ôùï /register


Ôùï  (Static)   prerendered as static content
ãÆ  (Dynamic)  server-rendered on demand

